*** Expand monomers ***
expand_monomers.ket:SUCCEED
